[21:02:44] [INFO] Starting test suite...
[21:02:44] [INFO] Testing package structure...
[21:02:44] [PASS] ✁EFound required file: package.json
[21:02:44] [PASS] ✁EFound required file: VPMManifest.json
[21:02:44] [PASS] ✁EFound required file: README.md
[21:02:44] [PASS] ✁EFound required file: CHANGELOG.md
[21:02:44] [PASS] ✁EFound directory: Editor (9 files)
[21:02:44] [PASS] ✁EFound directory: Runtime (5 files)
[21:02:44] [PASS] ✁EFound directory: Shaders (2 files)
[21:02:44] [INFO] Testing package.json validity...
[21:02:44] [PASS] ✁Epackage.json has field: name
[21:02:44] [PASS] ✁Epackage.json has field: version
[21:02:44] [PASS] ✁Epackage.json has field: displayName
[21:02:44] [PASS] ✁Epackage.json has field: description
[21:02:44] [PASS] ✁Epackage.json has field: unity
[21:02:44] [PASS] ✁EVersion format valid: 1.2.0
[21:02:44] [PASS] ✁EVPM dependencies found: 4 packages
[21:02:44] [INFO] Testing shader compilation...
[21:02:44] [INFO] Testing shader: lilToon_PCSS_Extension.shader
[21:02:44] [PASS] ✁EShader header valid: lilToon_PCSS_Extension.shader
[21:02:44] [PASS] ✁EPCSS keywords found: lilToon_PCSS_Extension.shader
[21:02:44] [PASS] ✁EVRChat compatibility markers: lilToon_PCSS_Extension.shader
[21:02:44] [INFO] Testing shader: Poiyomi_PCSS_Extension.shader
[21:02:44] [PASS] ✁EShader header valid: Poiyomi_PCSS_Extension.shader
[21:02:44] [PASS] ✁EPCSS keywords found: Poiyomi_PCSS_Extension.shader
[21:02:44] [PASS] ✁EVRChat compatibility markers: Poiyomi_PCSS_Extension.shader
[21:02:44] [INFO] Testing assembly definitions...
[21:02:44] [INFO] Testing asmdef: lilToon.PCSS.Editor.asmdef
[21:02:44] [PASS] ✁EAssembly name defined: lilToon.PCSS.Editor
[21:02:44] [PASS] ✁EAssembly references: 6 refs
[21:02:44] [INFO] Testing asmdef: lilToon.PCSS.Editor.asmdef
[21:02:44] [PASS] ✁EAssembly name defined: lilToon.PCSS.Editor
[21:02:44] [PASS] ✁EAssembly references: 6 refs
[21:02:44] [INFO] Testing asmdef: lilToon.PCSS.Runtime.asmdef
[21:02:44] [PASS] ✁EAssembly name defined: lilToon.PCSS.Runtime
[21:02:44] [PASS] ✁EAssembly references: 5 refs
[21:02:44] [INFO] Testing asmdef: lilToon.PCSS.Runtime.asmdef
[21:02:44] [PASS] ✁EAssembly name defined: lilToon.PCSS.Runtime
[21:02:44] [PASS] ✁EAssembly references: 5 refs
[21:02:44] [INFO] Testing VCC compatibility...
[21:02:44] [PASS] ✁EVPMManifest.json is valid JSON
[21:02:45] [WARN] ⚠ No VPM dependencies in manifest
[21:02:45] [PASS] ✁EVCC Setup Wizard found
[21:02:45] [PASS] ✁ESetup Wizard extends EditorWindow
[21:02:45] [INFO] Testing performance optimizations...
[21:02:45] [PASS] ✁EVRChat Performance Optimizer found
[21:02:45] [PASS] ✁EPerformance keyword found: Performance
[21:02:45] [PASS] ✁EPerformance keyword found: Optimization
[21:02:45] [PASS] ✁EPerformance keyword found: Quality
[21:02:45] [PASS] ✁EPerformance keyword found: LOD
[21:02:45] [PASS] ✁EPerformance keyword found: Culling
[21:02:45] [PASS] ✁EPerformance optimizations in shader: lilToon_PCSS_Extension.shader
[21:02:45] [PASS] ✁EPerformance optimizations in shader: Poiyomi_PCSS_Extension.shader
[21:02:45] [INFO] Testing documentation completeness...
[21:02:45] [WARN] ⚠ README section missing: Installation
[21:02:45] [WARN] ⚠ README section missing: Features
[21:02:45] [WARN] ⚠ README section missing: Usage
[21:02:45] [PASS] ✁EREADME section found: VRChat
[21:02:45] [PASS] ✁EREADME section found: Performance
[21:02:45] [PASS] ✁ECHANGELOG contains v1.2.0
[21:02:45] [INFO] Generating test report...
[21:02:45] [PASS] ✁ETest report generated: test-report-20250621-210245.html
